[W916 04:59:19.201499722 FunctionLoader.cpp:48] Warning: LD_PRELOAD detected, FunctionLoader prefers RTLD_DEFAULT for symbol resolution. (function operator())
PASS truncated descriptor
HOST_VMM_PHYSICAL bytes=1073741824 mem_attr=17 location=4:0
[W916 04:59:24.340351211 NPUCachingAllocator.cpp:202] Warning: The current CANN and HDK(driver) versions require processing for 32 padding size, with memory allocation. (function operator())
ENGRAM_VMM_MAP bytes=1073741824 rank=0 device=npu:0
HOST_VMM_PHYSICAL bytes=1073741824 mem_attr=17 location=4:0
ENGRAM_VMM_MAP bytes=1073741824 rank=0 device=npu:0
HOST_VMM_PHYSICAL bytes=1073741824 mem_attr=17 location=4:0
ENGRAM_VMM_MAP bytes=1073741824 rank=0 device=npu:0
PASS aliases, idempotent close, descriptor reuse
HOST_VMM_PHYSICAL bytes=1073741824 mem_attr=17 location=4:0
PASS wrapping rollback
HOST_VMM_PHYSICAL bytes=1073741824 mem_attr=17 location=4:0
ENGRAM_VMM_MAP bytes=1073741824 rank=0 device=npu:0
ENGRAM_VMM_MAP bytes=1073741824 rank=1 device=npu:0
PASS imported mapping outlives owner
HOST_VMM_PHYSICAL bytes=1073741824 mem_attr=17 location=4:0
ENGRAM_VMM_MAP bytes=1073741824 rank=0 device=npu:0
HOST_VMM_PHYSICAL bytes=1073741824 mem_attr=17 location=4:0
ENGRAM_VMM_MAP bytes=1073741824 rank=0 device=npu:0
HOST_VMM_PHYSICAL bytes=1073741824 mem_attr=17 location=4:0
ENGRAM_VMM_MAP bytes=1073741824 rank=0 device=npu:0
HOST_VMM_PHYSICAL bytes=1073741824 mem_attr=17 location=4:0
ENGRAM_VMM_MAP bytes=1073741824 rank=0 device=npu:0
HOST_VMM_PHYSICAL bytes=1073741824 mem_attr=17 location=4:0
ENGRAM_VMM_MAP bytes=1073741824 rank=0 device=npu:0
HOST_VMM_PHYSICAL bytes=1073741824 mem_attr=17 location=4:0
ENGRAM_VMM_MAP bytes=1073741824 rank=0 device=npu:0
PASS release errors propagated and retried
HOST_VMM_PHYSICAL bytes=1073741824 mem_attr=17 location=4:0
PASS retained allocation rollback retried
HOST_VMM_PHYSICAL bytes=1073741824 mem_attr=17 location=4:0
PASS wrapping plus release failure retained/retried
LIFECYCLE_PASS
